2026-05-06 11:44:48,223 - httpx - INFO - HTTP Request: POST https://api.telegram.org/bot8654469405:AAEpEH7wKLz-0Ce4P0xfNP4RBohWO2PJ-VM/getMe "HTTP/1.1 200 OK"
2026-05-06 11:44:48,225 - telegram.ext.Application - INFO - Application started
2026-05-06 11:44:48,341 - httpx - INFO - HTTP Request: POST https://api.telegram.org/bot8654469405:AAEpEH7wKLz-0Ce4P0xfNP4RBohWO2PJ-VM/deleteWebhook "HTTP/1.1 200 OK"
2026-05-06 11:44:58,675 - httpx - INFO - HTTP Request: POST https://api.telegram.org/bot8654469405:AAEpEH7wKLz-0Ce4P0xfNP4RBohWO2PJ-VM/getUpdates "HTTP/1.1 200 OK"
2026-05-06 11:45:08,790 - httpx - INFO - HTTP Request: POST https://api.telegram.org/bot8654469405:AAEpEH7wKLz-0Ce4P0xfNP4RBohWO2PJ-VM/getUpdates "HTTP/1.1 200 OK"
2026-05-06 11:45:13,543 - httpx - INFO - HTTP Request: POST https://api.telegram.org/bot8654469405:AAEpEH7wKLz-0Ce4P0xfNP4RBohWO2PJ-VM/getUpdates "HTTP/1.1 200 OK"
2026-05-06 11:45:13,902 - httpx - INFO - HTTP Request: POST https://api.telegram.org/bot8654469405:AAEpEH7wKLz-0Ce4P0xfNP4RBohWO2PJ-VM/sendMessage "HTTP/1.1 200 OK"
2026-05-06 11:45:19,139 - httpx - INFO - HTTP Request: POST https://api.telegram.org/bot8654469405:AAEpEH7wKLz-0Ce4P0xfNP4RBohWO2PJ-VM/getUpdates "HTTP/1.1 200 OK"
2026-05-06 11:45:19,496 - httpx - INFO - HTTP Request: POST https://api.telegram.org/bot8654469405:AAEpEH7wKLz-0Ce4P0xfNP4RBohWO2PJ-VM/answerCallbackQuery "HTTP/1.1 200 OK"
2026-05-06 11:45:19,632 - httpx - INFO - HTTP Request: POST https://api.telegram.org/bot8654469405:AAEpEH7wKLz-0Ce4P0xfNP4RBohWO2PJ-VM/editMessageText "HTTP/1.1 200 OK"
2026-05-06 11:45:27,618 - httpx - INFO - HTTP Request: POST https://api.telegram.org/bot8654469405:AAEpEH7wKLz-0Ce4P0xfNP4RBohWO2PJ-VM/getUpdates "HTTP/1.1 200 OK"
2026-05-06 11:45:28,078 - httpx - INFO - HTTP Request: POST https://api.telegram.org/bot8654469405:AAEpEH7wKLz-0Ce4P0xfNP4RBohWO2PJ-VM/answerCallbackQuery "HTTP/1.1 200 OK"
2026-05-06 11:45:28,237 - httpx - INFO - HTTP Request: POST https://api.telegram.org/bot8654469405:AAEpEH7wKLz-0Ce4P0xfNP4RBohWO2PJ-VM/editMessageText "HTTP/1.1 200 OK"
2026-05-06 11:45:37,675 - httpx - INFO - HTTP Request: POST https://api.telegram.org/bot8654469405:AAEpEH7wKLz-0Ce4P0xfNP4RBohWO2PJ-VM/getUpdates "HTTP/1.1 200 OK"
2026-05-06 11:45:38,041 - httpx - INFO - HTTP Request: POST https://api.telegram.org/bot8654469405:AAEpEH7wKLz-0Ce4P0xfNP4RBohWO2PJ-VM/sendMessage "HTTP/1.1 200 OK"
2026-05-06 11:45:47,795 - httpx - INFO - HTTP Request: POST https://api.telegram.org/bot8654469405:AAEpEH7wKLz-0Ce4P0xfNP4RBohWO2PJ-VM/getUpdates "HTTP/1.1 200 OK"
2026-05-06 11:45:57,895 - httpx - INFO - HTTP Request: POST https://api.telegram.org/bot8654469405:AAEpEH7wKLz-0Ce4P0xfNP4RBohWO2PJ-VM/getUpdates "HTTP/1.1 200 OK"
2026-05-06 11:45:58,350 - httpx - INFO - HTTP Request: POST https://api.telegram.org/bot8654469405:AAEpEH7wKLz-0Ce4P0xfNP4RBohWO2PJ-VM/sendMessage "HTTP/1.1 200 OK"
2026-05-06 11:46:02,019 - httpx - INFO - HTTP Request: POST https://api.telegram.org/bot8654469405:AAEpEH7wKLz-0Ce4P0xfNP4RBohWO2PJ-VM/getUpdates "HTTP/1.1 200 OK"
2026-05-06 11:46:02,162 - httpx - INFO - HTTP Request: POST https://api.telegram.org/bot8654469405:AAEpEH7wKLz-0Ce4P0xfNP4RBohWO2PJ-VM/sendMessage "HTTP/1.1 200 OK"
2026-05-06 11:46:08,350 - httpx - INFO - HTTP Request: POST https://api.telegram.org/bot8654469405:AAEpEH7wKLz-0Ce4P0xfNP4RBohWO2PJ-VM/getUpdates "HTTP/1.1 200 OK"
2026-05-06 11:46:08,744 - httpx - INFO - HTTP Request: POST https://api.telegram.org/bot8654469405:AAEpEH7wKLz-0Ce4P0xfNP4RBohWO2PJ-VM/sendMessage "HTTP/1.1 200 OK"
2026-05-06 11:46:12,512 - httpx - INFO - HTTP Request: POST https://api.telegram.org/bot8654469405:AAEpEH7wKLz-0Ce4P0xfNP4RBohWO2PJ-VM/getUpdates "HTTP/1.1 200 OK"
2026-05-06 11:46:12,640 - httpx - INFO - HTTP Request: POST https://api.telegram.org/bot8654469405:AAEpEH7wKLz-0Ce4P0xfNP4RBohWO2PJ-VM/answerCallbackQuery "HTTP/1.1 200 OK"
2026-05-06 11:46:12,763 - httpx - INFO - HTTP Request: POST https://api.telegram.org/bot8654469405:AAEpEH7wKLz-0Ce4P0xfNP4RBohWO2PJ-VM/answerCallbackQuery "HTTP/1.1 200 OK"
2026-05-06 11:46:12,906 - httpx - INFO - HTTP Request: POST https://api.telegram.org/bot8654469405:AAEpEH7wKLz-0Ce4P0xfNP4RBohWO2PJ-VM/editMessageText "HTTP/1.1 200 OK"
2026-05-06 11:46:22,626 - httpx - INFO - HTTP Request: POST https://api.telegram.org/bot8654469405:AAEpEH7wKLz-0Ce4P0xfNP4RBohWO2PJ-VM/getUpdates "HTTP/1.1 200 OK"
2026-05-06 11:46:32,737 - httpx - INFO - HTTP Request: POST https://api.telegram.org/bot8654469405:AAEpEH7wKLz-0Ce4P0xfNP4RBohWO2PJ-VM/getUpdates "HTTP/1.1 200 OK"
2026-05-06 11:46:42,850 - httpx - INFO - HTTP Request: POST https://api.telegram.org/bot8654469405:AAEpEH7wKLz-0Ce4P0xfNP4RBohWO2PJ-VM/getUpdates "HTTP/1.1 200 OK"
2026-05-06 11:46:52,966 - httpx - INFO - HTTP Request: POST https://api.telegram.org/bot8654469405:AAEpEH7wKLz-0Ce4P0xfNP4RBohWO2PJ-VM/getUpdates "HTTP/1.1 200 OK"
2026-05-06 11:47:03,086 - httpx - INFO - HTTP Request: POST https://api.telegram.org/bot8654469405:AAEpEH7wKLz-0Ce4P0xfNP4RBohWO2PJ-VM/getUpdates "HTTP/1.1 200 OK"
2026-05-06 11:47:13,200 - httpx - INFO - HTTP Request: POST https://api.telegram.org/bot8654469405:AAEpEH7wKLz-0Ce4P0xfNP4RBohWO2PJ-VM/getUpdates "HTTP/1.1 200 OK"
2026-05-06 11:48:34,673 - httpx - INFO - HTTP Request: POST https://api.telegram.org/bot8654469405:AAEpEH7wKLz-0Ce4P0xfNP4RBohWO2PJ-VM/getMe "HTTP/1.1 200 OK"
2026-05-06 11:48:34,675 - telegram.ext.Application - INFO - Application started
2026-05-06 11:48:34,782 - httpx - INFO - HTTP Request: POST https://api.telegram.org/bot8654469405:AAEpEH7wKLz-0Ce4P0xfNP4RBohWO2PJ-VM/deleteWebhook "HTTP/1.1 200 OK"
2026-05-06 12:12:25,811 - httpx - INFO - HTTP Request: POST https://api.telegram.org/bot8654469405:AAEpEH7wKLz-0Ce4P0xfNP4RBohWO2PJ-VM/getUpdates "HTTP/1.1 200 OK"
2026-05-06 12:18:01,750 - httpx - INFO - HTTP Request: POST https://api.telegram.org/bot8654469405:AAEpEH7wKLz-0Ce4P0xfNP4RBohWO2PJ-VM/getMe "HTTP/1.1 200 OK"
2026-05-06 12:18:01,751 - telegram.ext.Application - INFO - Application started
2026-05-06 12:18:01,864 - httpx - INFO - HTTP Request: POST https://api.telegram.org/bot8654469405:AAEpEH7wKLz-0Ce4P0xfNP4RBohWO2PJ-VM/deleteWebhook "HTTP/1.1 200 OK"
2026-05-06 12:18:09,488 - httpx - INFO - HTTP Request: POST https://api.telegram.org/bot8654469405:AAEpEH7wKLz-0Ce4P0xfNP4RBohWO2PJ-VM/getUpdates "HTTP/1.1 200 OK"
2026-05-06 12:18:09,972 - httpx - INFO - HTTP Request: POST https://api.telegram.org/bot8654469405:AAEpEH7wKLz-0Ce4P0xfNP4RBohWO2PJ-VM/answerCallbackQuery "HTTP/1.1 200 OK"
2026-05-06 12:18:10,109 - httpx - INFO - HTTP Request: POST https://api.telegram.org/bot8654469405:AAEpEH7wKLz-0Ce4P0xfNP4RBohWO2PJ-VM/editMessageText "HTTP/1.1 200 OK"
2026-05-06 12:18:19,600 - httpx - INFO - HTTP Request: POST https://api.telegram.org/bot8654469405:AAEpEH7wKLz-0Ce4P0xfNP4RBohWO2PJ-VM/getUpdates "HTTP/1.1 200 OK"
2026-05-06 12:18:29,714 - httpx - INFO - HTTP Request: POST https://api.telegram.org/bot8654469405:AAEpEH7wKLz-0Ce4P0xfNP4RBohWO2PJ-VM/getUpdates "HTTP/1.1 200 OK"
2026-05-06 12:18:39,825 - httpx - INFO - HTTP Request: POST https://api.telegram.org/bot8654469405:AAEpEH7wKLz-0Ce4P0xfNP4RBohWO2PJ-VM/getUpdates "HTTP/1.1 200 OK"
2026-05-06 12:18:49,943 - httpx - INFO - HTTP Request: POST https://api.telegram.org/bot8654469405:AAEpEH7wKLz-0Ce4P0xfNP4RBohWO2PJ-VM/getUpdates "HTTP/1.1 200 OK"
2026-05-06 12:19:00,055 - httpx - INFO - HTTP Request: POST https://api.telegram.org/bot8654469405:AAEpEH7wKLz-0Ce4P0xfNP4RBohWO2PJ-VM/getUpdates "HTTP/1.1 200 OK"
2026-05-06 12:19:10,166 - httpx - INFO - HTTP Request: POST https://api.telegram.org/bot8654469405:AAEpEH7wKLz-0Ce4P0xfNP4RBohWO2PJ-VM/getUpdates "HTTP/1.1 200 OK"
2026-05-06 12:19:20,278 - httpx - INFO - HTTP Request: POST https://api.telegram.org/bot8654469405:AAEpEH7wKLz-0Ce4P0xfNP4RBohWO2PJ-VM/getUpdates "HTTP/1.1 200 OK"
2026-05-06 12:19:30,390 - httpx - INFO - HTTP Request: POST https://api.telegram.org/bot8654469405:AAEpEH7wKLz-0Ce4P0xfNP4RBohWO2PJ-VM/getUpdates "HTTP/1.1 200 OK"
2026-05-06 12:19:40,502 - httpx - INFO - HTTP Request: POST https://api.telegram.org/bot8654469405:AAEpEH7wKLz-0Ce4P0xfNP4RBohWO2PJ-VM/getUpdates "HTTP/1.1 200 OK"
2026-05-06 12:19:50,615 - httpx - INFO - HTTP Request: POST https://api.telegram.org/bot8654469405:AAEpEH7wKLz-0Ce4P0xfNP4RBohWO2PJ-VM/getUpdates "HTTP/1.1 200 OK"
2026-05-06 12:20:00,727 - httpx - INFO - HTTP Request: POST https://api.telegram.org/bot8654469405:AAEpEH7wKLz-0Ce4P0xfNP4RBohWO2PJ-VM/getUpdates "HTTP/1.1 200 OK"
2026-05-06 12:20:10,838 - httpx - INFO - HTTP Request: POST https://api.telegram.org/bot8654469405:AAEpEH7wKLz-0Ce4P0xfNP4RBohWO2PJ-VM/getUpdates "HTTP/1.1 200 OK"
2026-05-06 12:20:20,950 - httpx - INFO - HTTP Request: POST https://api.telegram.org/bot8654469405:AAEpEH7wKLz-0Ce4P0xfNP4RBohWO2PJ-VM/getUpdates "HTTP/1.1 200 OK"
2026-05-06 12:20:31,063 - httpx - INFO - HTTP Request: POST https://api.telegram.org/bot8654469405:AAEpEH7wKLz-0Ce4P0xfNP4RBohWO2PJ-VM/getUpdates "HTTP/1.1 200 OK"
2026-05-06 12:20:41,176 - httpx - INFO - HTTP Request: POST https://api.telegram.org/bot8654469405:AAEpEH7wKLz-0Ce4P0xfNP4RBohWO2PJ-VM/getUpdates "HTTP/1.1 200 OK"
2026-05-06 12:20:51,292 - httpx - INFO - HTTP Request: POST https://api.telegram.org/bot8654469405:AAEpEH7wKLz-0Ce4P0xfNP4RBohWO2PJ-VM/getUpdates "HTTP/1.1 200 OK"
2026-05-06 12:21:01,404 - httpx - INFO - HTTP Request: POST https://api.telegram.org/bot8654469405:AAEpEH7wKLz-0Ce4P0xfNP4RBohWO2PJ-VM/getUpdates "HTTP/1.1 200 OK"
2026-05-06 12:21:11,517 - httpx - INFO - HTTP Request: POST https://api.telegram.org/bot8654469405:AAEpEH7wKLz-0Ce4P0xfNP4RBohWO2PJ-VM/getUpdates "HTTP/1.1 200 OK"
2026-05-06 12:21:21,633 - httpx - INFO - HTTP Request: POST https://api.telegram.org/bot8654469405:AAEpEH7wKLz-0Ce4P0xfNP4RBohWO2PJ-VM/getUpdates "HTTP/1.1 200 OK"
2026-05-06 12:21:31,745 - httpx - INFO - HTTP Request: POST https://api.telegram.org/bot8654469405:AAEpEH7wKLz-0Ce4P0xfNP4RBohWO2PJ-VM/getUpdates "HTTP/1.1 200 OK"
2026-05-06 12:21:41,859 - httpx - INFO - HTTP Request: POST https://api.telegram.org/bot8654469405:AAEpEH7wKLz-0Ce4P0xfNP4RBohWO2PJ-VM/getUpdates "HTTP/1.1 200 OK"
2026-05-06 12:21:51,973 - httpx - INFO - HTTP Request: POST https://api.telegram.org/bot8654469405:AAEpEH7wKLz-0Ce4P0xfNP4RBohWO2PJ-VM/getUpdates "HTTP/1.1 200 OK"
2026-05-06 12:22:02,086 - httpx - INFO - HTTP Request: POST https://api.telegram.org/bot8654469405:AAEpEH7wKLz-0Ce4P0xfNP4RBohWO2PJ-VM/getUpdates "HTTP/1.1 200 OK"
2026-05-06 12:22:12,200 - httpx - INFO - HTTP Request: POST https://api.telegram.org/bot8654469405:AAEpEH7wKLz-0Ce4P0xfNP4RBohWO2PJ-VM/getUpdates "HTTP/1.1 200 OK"
2026-05-06 12:22:22,310 - httpx - INFO - HTTP Request: POST https://api.telegram.org/bot8654469405:AAEpEH7wKLz-0Ce4P0xfNP4RBohWO2PJ-VM/getUpdates "HTTP/1.1 200 OK"
2026-05-06 12:22:32,423 - httpx - INFO - HTTP Request: POST https://api.telegram.org/bot8654469405:AAEpEH7wKLz-0Ce4P0xfNP4RBohWO2PJ-VM/getUpdates "HTTP/1.1 200 OK"
2026-05-06 12:22:42,536 - httpx - INFO - HTTP Request: POST https://api.telegram.org/bot8654469405:AAEpEH7wKLz-0Ce4P0xfNP4RBohWO2PJ-VM/getUpdates "HTTP/1.1 200 OK"
2026-05-06 12:22:52,648 - httpx - INFO - HTTP Request: POST https://api.telegram.org/bot8654469405:AAEpEH7wKLz-0Ce4P0xfNP4RBohWO2PJ-VM/getUpdates "HTTP/1.1 200 OK"
2026-05-06 12:23:02,762 - httpx - INFO - HTTP Request: POST https://api.telegram.org/bot8654469405:AAEpEH7wKLz-0Ce4P0xfNP4RBohWO2PJ-VM/getUpdates "HTTP/1.1 200 OK"
2026-05-06 12:23:12,874 - httpx - INFO - HTTP Request: POST https://api.telegram.org/bot8654469405:AAEpEH7wKLz-0Ce4P0xfNP4RBohWO2PJ-VM/getUpdates "HTTP/1.1 200 OK"
2026-05-06 12:23:22,984 - httpx - INFO - HTTP Request: POST https://api.telegram.org/bot8654469405:AAEpEH7wKLz-0Ce4P0xfNP4RBohWO2PJ-VM/getUpdates "HTTP/1.1 200 OK"
2026-05-06 12:23:33,103 - httpx - INFO - HTTP Request: POST https://api.telegram.org/bot8654469405:AAEpEH7wKLz-0Ce4P0xfNP4RBohWO2PJ-VM/getUpdates "HTTP/1.1 200 OK"
2026-05-06 12:23:43,216 - httpx - INFO - HTTP Request: POST https://api.telegram.org/bot8654469405:AAEpEH7wKLz-0Ce4P0xfNP4RBohWO2PJ-VM/getUpdates "HTTP/1.1 200 OK"
2026-05-06 12:23:53,327 - httpx - INFO - HTTP Request: POST https://api.telegram.org/bot8654469405:AAEpEH7wKLz-0Ce4P0xfNP4RBohWO2PJ-VM/getUpdates "HTTP/1.1 200 OK"
2026-05-06 12:24:03,438 - httpx - INFO - HTTP Request: POST https://api.telegram.org/bot8654469405:AAEpEH7wKLz-0Ce4P0xfNP4RBohWO2PJ-VM/getUpdates "HTTP/1.1 200 OK"
2026-05-06 12:24:13,551 - httpx - INFO - HTTP Request: POST https://api.telegram.org/bot8654469405:AAEpEH7wKLz-0Ce4P0xfNP4RBohWO2PJ-VM/getUpdates "HTTP/1.1 200 OK"
2026-05-06 12:24:23,662 - httpx - INFO - HTTP Request: POST https://api.telegram.org/bot8654469405:AAEpEH7wKLz-0Ce4P0xfNP4RBohWO2PJ-VM/getUpdates "HTTP/1.1 200 OK"
2026-05-06 12:24:33,776 - httpx - INFO - HTTP Request: POST https://api.telegram.org/bot8654469405:AAEpEH7wKLz-0Ce4P0xfNP4RBohWO2PJ-VM/getUpdates "HTTP/1.1 200 OK"
2026-05-06 12:24:43,886 - httpx - INFO - HTTP Request: POST https://api.telegram.org/bot8654469405:AAEpEH7wKLz-0Ce4P0xfNP4RBohWO2PJ-VM/getUpdates "HTTP/1.1 200 OK"
2026-05-06 12:24:54,001 - httpx - INFO - HTTP Request: POST https://api.telegram.org/bot8654469405:AAEpEH7wKLz-0Ce4P0xfNP4RBohWO2PJ-VM/getUpdates "HTTP/1.1 200 OK"
2026-05-06 12:25:04,114 - httpx - INFO - HTTP Request: POST https://api.telegram.org/bot8654469405:AAEpEH7wKLz-0Ce4P0xfNP4RBohWO2PJ-VM/getUpdates "HTTP/1.1 200 OK"
2026-05-06 12:25:14,226 - httpx - INFO - HTTP Request: POST https://api.telegram.org/bot8654469405:AAEpEH7wKLz-0Ce4P0xfNP4RBohWO2PJ-VM/getUpdates "HTTP/1.1 200 OK"
2026-05-06 12:25:24,338 - httpx - INFO - HTTP Request: POST https://api.telegram.org/bot8654469405:AAEpEH7wKLz-0Ce4P0xfNP4RBohWO2PJ-VM/getUpdates "HTTP/1.1 200 OK"
2026-05-06 12:25:34,451 - httpx - INFO - HTTP Request: POST https://api.telegram.org/bot8654469405:AAEpEH7wKLz-0Ce4P0xfNP4RBohWO2PJ-VM/getUpdates "HTTP/1.1 200 OK"
2026-05-06 12:25:44,563 - httpx - INFO - HTTP Request: POST https://api.telegram.org/bot8654469405:AAEpEH7wKLz-0Ce4P0xfNP4RBohWO2PJ-VM/getUpdates "HTTP/1.1 200 OK"
2026-05-06 12:25:54,675 - httpx - INFO - HTTP Request: POST https://api.telegram.org/bot8654469405:AAEpEH7wKLz-0Ce4P0xfNP4RBohWO2PJ-VM/getUpdates "HTTP/1.1 200 OK"
2026-05-06 12:26:04,786 - httpx - INFO - HTTP Request: POST https://api.telegram.org/bot8654469405:AAEpEH7wKLz-0Ce4P0xfNP4RBohWO2PJ-VM/getUpdates "HTTP/1.1 200 OK"
2026-05-06 12:26:14,898 - httpx - INFO - HTTP Request: POST https://api.telegram.org/bot8654469405:AAEpEH7wKLz-0Ce4P0xfNP4RBohWO2PJ-VM/getUpdates "HTTP/1.1 200 OK"
2026-05-06 12:26:25,011 - httpx - INFO - HTTP Request: POST https://api.telegram.org/bot8654469405:AAEpEH7wKLz-0Ce4P0xfNP4RBohWO2PJ-VM/getUpdates "HTTP/1.1 200 OK"
2026-05-06 12:26:35,124 - httpx - INFO - HTTP Request: POST https://api.telegram.org/bot8654469405:AAEpEH7wKLz-0Ce4P0xfNP4RBohWO2PJ-VM/getUpdates "HTTP/1.1 200 OK"
2026-05-06 12:26:45,238 - httpx - INFO - HTTP Request: POST https://api.telegram.org/bot8654469405:AAEpEH7wKLz-0Ce4P0xfNP4RBohWO2PJ-VM/getUpdates "HTTP/1.1 200 OK"
2026-05-06 12:26:55,356 - httpx - INFO - HTTP Request: POST https://api.telegram.org/bot8654469405:AAEpEH7wKLz-0Ce4P0xfNP4RBohWO2PJ-VM/getUpdates "HTTP/1.1 200 OK"
2026-05-06 12:27:05,467 - httpx - INFO - HTTP Request: POST https://api.telegram.org/bot8654469405:AAEpEH7wKLz-0Ce4P0xfNP4RBohWO2PJ-VM/getUpdates "HTTP/1.1 200 OK"
2026-05-06 12:27:15,580 - httpx - INFO - HTTP Request: POST https://api.telegram.org/bot8654469405:AAEpEH7wKLz-0Ce4P0xfNP4RBohWO2PJ-VM/getUpdates "HTTP/1.1 200 OK"
2026-05-06 12:27:25,692 - httpx - INFO - HTTP Request: POST https://api.telegram.org/bot8654469405:AAEpEH7wKLz-0Ce4P0xfNP4RBohWO2PJ-VM/getUpdates "HTTP/1.1 200 OK"
2026-05-06 12:27:35,804 - httpx - INFO - HTTP Request: POST https://api.telegram.org/bot8654469405:AAEpEH7wKLz-0Ce4P0xfNP4RBohWO2PJ-VM/getUpdates "HTTP/1.1 200 OK"
2026-05-06 12:27:45,914 - httpx - INFO - HTTP Request: POST https://api.telegram.org/bot8654469405:AAEpEH7wKLz-0Ce4P0xfNP4RBohWO2PJ-VM/getUpdates "HTTP/1.1 200 OK"
2026-05-06 12:27:56,030 - httpx - INFO - HTTP Request: POST https://api.telegram.org/bot8654469405:AAEpEH7wKLz-0Ce4P0xfNP4RBohWO2PJ-VM/getUpdates "HTTP/1.1 200 OK"
2026-05-06 12:28:06,141 - httpx - INFO - HTTP Request: POST https://api.telegram.org/bot8654469405:AAEpEH7wKLz-0Ce4P0xfNP4RBohWO2PJ-VM/getUpdates "HTTP/1.1 200 OK"
2026-05-06 12:28:16,253 - httpx - INFO - HTTP Request: POST https://api.telegram.org/bot8654469405:AAEpEH7wKLz-0Ce4P0xfNP4RBohWO2PJ-VM/getUpdates "HTTP/1.1 200 OK"
2026-05-06 12:28:26,364 - httpx - INFO - HTTP Request: POST https://api.telegram.org/bot8654469405:AAEpEH7wKLz-0Ce4P0xfNP4RBohWO2PJ-VM/getUpdates "HTTP/1.1 200 OK"
2026-05-06 12:28:36,480 - httpx - INFO - HTTP Request: POST https://api.telegram.org/bot8654469405:AAEpEH7wKLz-0Ce4P0xfNP4RBohWO2PJ-VM/getUpdates "HTTP/1.1 200 OK"
2026-05-06 12:28:46,595 - httpx - INFO - HTTP Request: POST https://api.telegram.org/bot8654469405:AAEpEH7wKLz-0Ce4P0xfNP4RBohWO2PJ-VM/getUpdates "HTTP/1.1 200 OK"
2026-05-06 12:28:56,705 - httpx - INFO - HTTP Request: POST https://api.telegram.org/bot8654469405:AAEpEH7wKLz-0Ce4P0xfNP4RBohWO2PJ-VM/getUpdates "HTTP/1.1 200 OK"
2026-05-06 12:29:06,816 - httpx - INFO - HTTP Request: POST https://api.telegram.org/bot8654469405:AAEpEH7wKLz-0Ce4P0xfNP4RBohWO2PJ-VM/getUpdates "HTTP/1.1 200 OK"
2026-05-06 12:29:16,927 - httpx - INFO - HTTP Request: POST https://api.telegram.org/bot8654469405:AAEpEH7wKLz-0Ce4P0xfNP4RBohWO2PJ-VM/getUpdates "HTTP/1.1 200 OK"
2026-05-06 12:29:27,041 - httpx - INFO - HTTP Request: POST https://api.telegram.org/bot8654469405:AAEpEH7wKLz-0Ce4P0xfNP4RBohWO2PJ-VM/getUpdates "HTTP/1.1 200 OK"
2026-05-06 12:29:37,152 - httpx - INFO - HTTP Request: POST https://api.telegram.org/bot8654469405:AAEpEH7wKLz-0Ce4P0xfNP4RBohWO2PJ-VM/getUpdates "HTTP/1.1 200 OK"
2026-05-06 12:29:47,264 - httpx - INFO - HTTP Request: POST https://api.telegram.org/bot8654469405:AAEpEH7wKLz-0Ce4P0xfNP4RBohWO2PJ-VM/getUpdates "HTTP/1.1 200 OK"
2026-05-06 12:29:57,376 - httpx - INFO - HTTP Request: POST https://api.telegram.org/bot8654469405:AAEpEH7wKLz-0Ce4P0xfNP4RBohWO2PJ-VM/getUpdates "HTTP/1.1 200 OK"
2026-05-06 12:30:07,487 - httpx - INFO - HTTP Request: POST https://api.telegram.org/bot8654469405:AAEpEH7wKLz-0Ce4P0xfNP4RBohWO2PJ-VM/getUpdates "HTTP/1.1 200 OK"
2026-05-06 12:30:17,607 - httpx - INFO - HTTP Request: POST https://api.telegram.org/bot8654469405:AAEpEH7wKLz-0Ce4P0xfNP4RBohWO2PJ-VM/getUpdates "HTTP/1.1 200 OK"
2026-05-06 12:30:27,719 - httpx - INFO - HTTP Request: POST https://api.telegram.org/bot8654469405:AAEpEH7wKLz-0Ce4P0xfNP4RBohWO2PJ-VM/getUpdates "HTTP/1.1 200 OK"
2026-05-06 12:30:37,830 - httpx - INFO - HTTP Request: POST https://api.telegram.org/bot8654469405:AAEpEH7wKLz-0Ce4P0xfNP4RBohWO2PJ-VM/getUpdates "HTTP/1.1 200 OK"
2026-05-06 12:30:47,942 - httpx - INFO - HTTP Request: POST https://api.telegram.org/bot8654469405:AAEpEH7wKLz-0Ce4P0xfNP4RBohWO2PJ-VM/getUpdates "HTTP/1.1 200 OK"
2026-05-06 12:30:58,053 - httpx - INFO - HTTP Request: POST https://api.telegram.org/bot8654469405:AAEpEH7wKLz-0Ce4P0xfNP4RBohWO2PJ-VM/getUpdates "HTTP/1.1 200 OK"
2026-05-06 12:31:08,165 - httpx - INFO - HTTP Request: POST https://api.telegram.org/bot8654469405:AAEpEH7wKLz-0Ce4P0xfNP4RBohWO2PJ-VM/getUpdates "HTTP/1.1 200 OK"
2026-05-06 12:31:18,276 - httpx - INFO - HTTP Request: POST https://api.telegram.org/bot8654469405:AAEpEH7wKLz-0Ce4P0xfNP4RBohWO2PJ-VM/getUpdates "HTTP/1.1 200 OK"
2026-05-06 12:31:28,387 - httpx - INFO - HTTP Request: POST https://api.telegram.org/bot8654469405:AAEpEH7wKLz-0Ce4P0xfNP4RBohWO2PJ-VM/getUpdates "HTTP/1.1 200 OK"
2026-05-06 12:31:38,500 - httpx - INFO - HTTP Request: POST https://api.telegram.org/bot8654469405:AAEpEH7wKLz-0Ce4P0xfNP4RBohWO2PJ-VM/getUpdates "HTTP/1.1 200 OK"
2026-05-06 12:31:48,614 - httpx - INFO - HTTP Request: POST https://api.telegram.org/bot8654469405:AAEpEH7wKLz-0Ce4P0xfNP4RBohWO2PJ-VM/getUpdates "HTTP/1.1 200 OK"
2026-05-06 12:31:58,728 - httpx - INFO - HTTP Request: POST https://api.telegram.org/bot8654469405:AAEpEH7wKLz-0Ce4P0xfNP4RBohWO2PJ-VM/getUpdates "HTTP/1.1 200 OK"
2026-05-06 12:32:08,842 - httpx - INFO - HTTP Request: POST https://api.telegram.org/bot8654469405:AAEpEH7wKLz-0Ce4P0xfNP4RBohWO2PJ-VM/getUpdates "HTTP/1.1 200 OK"
2026-05-06 12:32:18,958 - httpx - INFO - HTTP Request: POST https://api.telegram.org/bot8654469405:AAEpEH7wKLz-0Ce4P0xfNP4RBohWO2PJ-VM/getUpdates "HTTP/1.1 200 OK"
2026-05-06 12:32:29,072 - httpx - INFO - HTTP Request: POST https://api.telegram.org/bot8654469405:AAEpEH7wKLz-0Ce4P0xfNP4RBohWO2PJ-VM/getUpdates "HTTP/1.1 200 OK"
2026-05-06 12:32:39,187 - httpx - INFO - HTTP Request: POST https://api.telegram.org/bot8654469405:AAEpEH7wKLz-0Ce4P0xfNP4RBohWO2PJ-VM/getUpdates "HTTP/1.1 200 OK"
2026-05-06 12:32:49,302 - httpx - INFO - HTTP Request: POST https://api.telegram.org/bot8654469405:AAEpEH7wKLz-0Ce4P0xfNP4RBohWO2PJ-VM/getUpdates "HTTP/1.1 200 OK"
2026-05-06 12:32:59,416 - httpx - INFO - HTTP Request: POST https://api.telegram.org/bot8654469405:AAEpEH7wKLz-0Ce4P0xfNP4RBohWO2PJ-VM/getUpdates "HTTP/1.1 200 OK"
2026-05-06 12:33:09,535 - httpx - INFO - HTTP Request: POST https://api.telegram.org/bot8654469405:AAEpEH7wKLz-0Ce4P0xfNP4RBohWO2PJ-VM/getUpdates "HTTP/1.1 200 OK"
2026-05-06 12:33:19,651 - httpx - INFO - HTTP Request: POST https://api.telegram.org/bot8654469405:AAEpEH7wKLz-0Ce4P0xfNP4RBohWO2PJ-VM/getUpdates "HTTP/1.1 200 OK"
2026-05-06 12:33:29,766 - httpx - INFO - HTTP Request: POST https://api.telegram.org/bot8654469405:AAEpEH7wKLz-0Ce4P0xfNP4RBohWO2PJ-VM/getUpdates "HTTP/1.1 200 OK"
2026-05-06 12:33:39,879 - httpx - INFO - HTTP Request: POST https://api.telegram.org/bot8654469405:AAEpEH7wKLz-0Ce4P0xfNP4RBohWO2PJ-VM/getUpdates "HTTP/1.1 200 OK"
2026-05-06 12:33:49,989 - httpx - INFO - HTTP Request: POST https://api.telegram.org/bot8654469405:AAEpEH7wKLz-0Ce4P0xfNP4RBohWO2PJ-VM/getUpdates "HTTP/1.1 200 OK"
2026-05-06 12:34:00,101 - httpx - INFO - HTTP Request: POST https://api.telegram.org/bot8654469405:AAEpEH7wKLz-0Ce4P0xfNP4RBohWO2PJ-VM/getUpdates "HTTP/1.1 200 OK"
2026-05-06 12:34:10,213 - httpx - INFO - HTTP Request: POST https://api.telegram.org/bot8654469405:AAEpEH7wKLz-0Ce4P0xfNP4RBohWO2PJ-VM/getUpdates "HTTP/1.1 200 OK"
2026-05-06 12:34:20,327 - httpx - INFO - HTTP Request: POST https://api.telegram.org/bot8654469405:AAEpEH7wKLz-0Ce4P0xfNP4RBohWO2PJ-VM/getUpdates "HTTP/1.1 200 OK"
2026-05-06 12:34:30,443 - httpx - INFO - HTTP Request: POST https://api.telegram.org/bot8654469405:AAEpEH7wKLz-0Ce4P0xfNP4RBohWO2PJ-VM/getUpdates "HTTP/1.1 200 OK"
2026-05-06 12:34:40,559 - httpx - INFO - HTTP Request: POST https://api.telegram.org/bot8654469405:AAEpEH7wKLz-0Ce4P0xfNP4RBohWO2PJ-VM/getUpdates "HTTP/1.1 200 OK"
2026-05-06 12:35:06,025 - httpx - INFO - HTTP Request: POST https://api.telegram.org/bot8654469405:AAEpEH7wKLz-0Ce4P0xfNP4RBohWO2PJ-VM/getUpdates "HTTP/1.1 200 OK"
2026-05-06 12:35:16,142 - httpx - INFO - HTTP Request: POST https://api.telegram.org/bot8654469405:AAEpEH7wKLz-0Ce4P0xfNP4RBohWO2PJ-VM/getUpdates "HTTP/1.1 200 OK"
2026-05-06 12:35:26,259 - httpx - INFO - HTTP Request: POST https://api.telegram.org/bot8654469405:AAEpEH7wKLz-0Ce4P0xfNP4RBohWO2PJ-VM/getUpdates "HTTP/1.1 200 OK"
2026-05-06 12:35:36,377 - httpx - INFO - HTTP Request: POST https://api.telegram.org/bot8654469405:AAEpEH7wKLz-0Ce4P0xfNP4RBohWO2PJ-VM/getUpdates "HTTP/1.1 200 OK"
2026-05-06 12:35:46,501 - httpx - INFO - HTTP Request: POST https://api.telegram.org/bot8654469405:AAEpEH7wKLz-0Ce4P0xfNP4RBohWO2PJ-VM/getUpdates "HTTP/1.1 200 OK"
2026-05-06 12:35:56,626 - httpx - INFO - HTTP Request: POST https://api.telegram.org/bot8654469405:AAEpEH7wKLz-0Ce4P0xfNP4RBohWO2PJ-VM/getUpdates "HTTP/1.1 200 OK"
2026-05-06 12:36:06,745 - httpx - INFO - HTTP Request: POST https://api.telegram.org/bot8654469405:AAEpEH7wKLz-0Ce4P0xfNP4RBohWO2PJ-VM/getUpdates "HTTP/1.1 200 OK"
2026-05-06 12:36:16,865 - httpx - INFO - HTTP Request: POST https://api.telegram.org/bot8654469405:AAEpEH7wKLz-0Ce4P0xfNP4RBohWO2PJ-VM/getUpdates "HTTP/1.1 200 OK"
2026-05-06 12:36:26,986 - httpx - INFO - HTTP Request: POST https://api.telegram.org/bot8654469405:AAEpEH7wKLz-0Ce4P0xfNP4RBohWO2PJ-VM/getUpdates "HTTP/1.1 200 OK"
2026-05-06 12:36:37,103 - httpx - INFO - HTTP Request: POST https://api.telegram.org/bot8654469405:AAEpEH7wKLz-0Ce4P0xfNP4RBohWO2PJ-VM/getUpdates "HTTP/1.1 200 OK"
2026-05-06 12:36:47,262 - httpx - INFO - HTTP Request: POST https://api.telegram.org/bot8654469405:AAEpEH7wKLz-0Ce4P0xfNP4RBohWO2PJ-VM/getUpdates "HTTP/1.1 200 OK"
2026-05-06 12:36:57,380 - httpx - INFO - HTTP Request: POST https://api.telegram.org/bot8654469405:AAEpEH7wKLz-0Ce4P0xfNP4RBohWO2PJ-VM/getUpdates "HTTP/1.1 200 OK"
2026-05-06 12:37:07,505 - httpx - INFO - HTTP Request: POST https://api.telegram.org/bot8654469405:AAEpEH7wKLz-0Ce4P0xfNP4RBohWO2PJ-VM/getUpdates "HTTP/1.1 200 OK"
2026-05-06 12:37:17,631 - httpx - INFO - HTTP Request: POST https://api.telegram.org/bot8654469405:AAEpEH7wKLz-0Ce4P0xfNP4RBohWO2PJ-VM/getUpdates "HTTP/1.1 200 OK"
2026-05-06 12:37:27,744 - httpx - INFO - HTTP Request: POST https://api.telegram.org/bot8654469405:AAEpEH7wKLz-0Ce4P0xfNP4RBohWO2PJ-VM/getUpdates "HTTP/1.1 200 OK"
2026-05-06 12:37:37,861 - httpx - INFO - HTTP Request: POST https://api.telegram.org/bot8654469405:AAEpEH7wKLz-0Ce4P0xfNP4RBohWO2PJ-VM/getUpdates "HTTP/1.1 200 OK"
2026-05-06 12:37:47,989 - httpx - INFO - HTTP Request: POST https://api.telegram.org/bot8654469405:AAEpEH7wKLz-0Ce4P0xfNP4RBohWO2PJ-VM/getUpdates "HTTP/1.1 200 OK"
2026-05-06 12:37:58,103 - httpx - INFO - HTTP Request: POST https://api.telegram.org/bot8654469405:AAEpEH7wKLz-0Ce4P0xfNP4RBohWO2PJ-VM/getUpdates "HTTP/1.1 200 OK"
2026-05-06 12:38:08,218 - httpx - INFO - HTTP Request: POST https://api.telegram.org/bot8654469405:AAEpEH7wKLz-0Ce4P0xfNP4RBohWO2PJ-VM/getUpdates "HTTP/1.1 200 OK"
2026-05-06 12:38:18,342 - httpx - INFO - HTTP Request: POST https://api.telegram.org/bot8654469405:AAEpEH7wKLz-0Ce4P0xfNP4RBohWO2PJ-VM/getUpdates "HTTP/1.1 200 OK"
2026-05-06 12:38:28,461 - httpx - INFO - HTTP Request: POST https://api.telegram.org/bot8654469405:AAEpEH7wKLz-0Ce4P0xfNP4RBohWO2PJ-VM/getUpdates "HTTP/1.1 200 OK"
2026-05-06 12:38:38,580 - httpx - INFO - HTTP Request: POST https://api.telegram.org/bot8654469405:AAEpEH7wKLz-0Ce4P0xfNP4RBohWO2PJ-VM/getUpdates "HTTP/1.1 200 OK"
2026-05-06 12:38:48,710 - httpx - INFO - HTTP Request: POST https://api.telegram.org/bot8654469405:AAEpEH7wKLz-0Ce4P0xfNP4RBohWO2PJ-VM/getUpdates "HTTP/1.1 200 OK"
2026-05-06 12:38:58,834 - httpx - INFO - HTTP Request: POST https://api.telegram.org/bot8654469405:AAEpEH7wKLz-0Ce4P0xfNP4RBohWO2PJ-VM/getUpdates "HTTP/1.1 200 OK"
2026-05-06 12:39:08,956 - httpx - INFO - HTTP Request: POST https://api.telegram.org/bot8654469405:AAEpEH7wKLz-0Ce4P0xfNP4RBohWO2PJ-VM/getUpdates "HTTP/1.1 200 OK"
2026-05-06 12:39:19,072 - httpx - INFO - HTTP Request: POST https://api.telegram.org/bot8654469405:AAEpEH7wKLz-0Ce4P0xfNP4RBohWO2PJ-VM/getUpdates "HTTP/1.1 200 OK"
2026-05-06 12:39:29,190 - httpx - INFO - HTTP Request: POST https://api.telegram.org/bot8654469405:AAEpEH7wKLz-0Ce4P0xfNP4RBohWO2PJ-VM/getUpdates "HTTP/1.1 200 OK"
2026-05-06 12:39:39,309 - httpx - INFO - HTTP Request: POST https://api.telegram.org/bot8654469405:AAEpEH7wKLz-0Ce4P0xfNP4RBohWO2PJ-VM/getUpdates "HTTP/1.1 200 OK"
2026-05-06 12:39:49,433 - httpx - INFO - HTTP Request: POST https://api.telegram.org/bot8654469405:AAEpEH7wKLz-0Ce4P0xfNP4RBohWO2PJ-VM/getUpdates "HTTP/1.1 200 OK"
2026-05-06 12:39:59,550 - httpx - INFO - HTTP Request: POST https://api.telegram.org/bot8654469405:AAEpEH7wKLz-0Ce4P0xfNP4RBohWO2PJ-VM/getUpdates "HTTP/1.1 200 OK"
2026-05-06 12:40:09,669 - httpx - INFO - HTTP Request: POST https://api.telegram.org/bot8654469405:AAEpEH7wKLz-0Ce4P0xfNP4RBohWO2PJ-VM/getUpdates "HTTP/1.1 200 OK"
